Processing nanoatmega328 (platform: atmelavr; board: nanoatmega328; framework: arduino; monitor_speed: 115200)
--------------------------------------------------------------------------------
CONFIGURATION: https://docs.platformio.org/page/boards/atmelavr/nanoatmega328.html
PLATFORM: Atmel AVR 1.15.0 > Arduino Nano ATmega328
HARDWARE: ATMEGA328P 16MHz, 2KB RAM, 30KB Flash
PACKAGES: toolchain-atmelavr 1.50400.190710 (5.4.0), framework-arduinoavr 4.1.2
LDF: Library Dependency Finder -> http://bit.ly/configure-pio-ldf
LDF Modes: Finder ~ chain, Compatibility ~ soft
Found 10 compatible libraries
Scanning dependencies...
Dependency Graph
|-- <AccelStepper> (/home/antonio/OpenSourceCelluloid/software/platformIO/PCB-NANO/lib/AccelStepper)
|-- <SPI> 1.0 (/home/antonio/.platformio/packages/framework-arduinoavr/libraries/__cores__/arduino/SPI)
|-- <TMCStepper> 0.5.2 (/home/antonio/OpenSourceCelluloid/software/platformIO/PCB-NANO/lib/TMCStepper)
|   |-- <SPI> 1.0 (/home/antonio/.platformio/packages/framework-arduinoavr/libraries/__cores__/arduino/SPI)
|   |-- <SoftwareSerial> 1.0 (/home/antonio/.platformio/packages/framework-arduinoavr/libraries/__cores__/arduino/SoftwareSerial)
|-- <TimerOne> (/home/antonio/OpenSourceCelluloid/software/platformIO/PCB-NANO/lib/TimerOne)
|-- <SoftwareSerial> 1.0 (/home/antonio/.platformio/packages/framework-arduinoavr/libraries/__cores__/arduino/SoftwareSerial)
Building in release mode
avr-g++ -o .pio/build/nanoatmega328/src/main.cpp.o -c -fno-exceptions -fno-threadsafe-statics -fpermissive -std=gnu++11 -Os -Wall -ffunction-sections -fdata-sections -flto -mmcu=atmega328p -DPLATFORMIO=40100 -DARDUINO_AVR_NANO -DF_CPU=16000000L -DARDUINO_ARCH_AVR -DARDUINO=10805 -Iinclude -Isrc -Ilib/TimerOne -Ilib/TMCStepper/src -I/home/antonio/.platformio/packages/framework-arduinoavr/libraries/__cores__/arduino/SoftwareSerial/src -I/home/antonio/.platformio/packages/framework-arduinoavr/libraries/__cores__/arduino/SPI/src -Ilib/AccelStepper -I/home/antonio/.platformio/packages/framework-arduinoavr/cores/arduino -I/home/antonio/.platformio/packages/framework-arduinoavr/variants/eightanaloginputs src/main.cpp
avr-g++ -o .pio/build/nanoatmega328/src/open-celluloid.cpp.o -c -fno-exceptions -fno-threadsafe-statics -fpermissive -std=gnu++11 -Os -Wall -ffunction-sections -fdata-sections -flto -mmcu=atmega328p -DPLATFORMIO=40100 -DARDUINO_AVR_NANO -DF_CPU=16000000L -DARDUINO_ARCH_AVR -DARDUINO=10805 -Iinclude -Isrc -Ilib/TimerOne -Ilib/TMCStepper/src -I/home/antonio/.platformio/packages/framework-arduinoavr/libraries/__cores__/arduino/SoftwareSerial/src -I/home/antonio/.platformio/packages/framework-arduinoavr/libraries/__cores__/arduino/SPI/src -Ilib/AccelStepper -I/home/antonio/.platformio/packages/framework-arduinoavr/cores/arduino -I/home/antonio/.platformio/packages/framework-arduinoavr/variants/eightanaloginputs src/open-celluloid.cpp
avr-g++ -o .pio/build/nanoatmega328/lib98b/AccelStepper/AccelStepper.cpp.o -c -fno-exceptions -fno-threadsafe-statics -fpermissive -std=gnu++11 -Os -Wall -ffunction-sections -fdata-sections -flto -mmcu=atmega328p -DPLATFORMIO=40100 -DARDUINO_AVR_NANO -DF_CPU=16000000L -DARDUINO_ARCH_AVR -DARDUINO=10805 -Ilib/AccelStepper -I/home/antonio/.platformio/packages/framework-arduinoavr/cores/arduino -I/home/antonio/.platformio/packages/framework-arduinoavr/variants/eightanaloginputs lib/AccelStepper/AccelStepper.cpp
avr-g++ -o .pio/build/nanoatmega328/lib98b/AccelStepper/MultiStepper.cpp.o -c -fno-exceptions -fno-threadsafe-statics -fpermissive -std=gnu++11 -Os -Wall -ffunction-sections -fdata-sections -flto -mmcu=atmega328p -DPLATFORMIO=40100 -DARDUINO_AVR_NANO -DF_CPU=16000000L -DARDUINO_ARCH_AVR -DARDUINO=10805 -Ilib/AccelStepper -I/home/antonio/.platformio/packages/framework-arduinoavr/cores/arduino -I/home/antonio/.platformio/packages/framework-arduinoavr/variants/eightanaloginputs lib/AccelStepper/MultiStepper.cpp
avr-g++ -o .pio/build/nanoatmega328/lib4de/SPI/SPI.cpp.o -c -fno-exceptions -fno-threadsafe-statics -fpermissive -std=gnu++11 -Os -Wall -ffunction-sections -fdata-sections -flto -mmcu=atmega328p -DPLATFORMIO=40100 -DARDUINO_AVR_NANO -DF_CPU=16000000L -DARDUINO_ARCH_AVR -DARDUINO=10805 -I/home/antonio/.platformio/packages/framework-arduinoavr/libraries/__cores__/arduino/SPI/src -I/home/antonio/.platformio/packages/framework-arduinoavr/cores/arduino -I/home/antonio/.platformio/packages/framework-arduinoavr/variants/eightanaloginputs /home/antonio/.platformio/packages/framework-arduinoavr/libraries/__cores__/arduino/SPI/src/SPI.cpp
avr-g++ -o .pio/build/nanoatmega328/lib02b/SoftwareSerial/SoftwareSerial.cpp.o -c -fno-exceptions -fno-threadsafe-statics -fpermissive -std=gnu++11 -Os -Wall -ffunction-sections -fdata-sections -flto -mmcu=atmega328p -DPLATFORMIO=40100 -DARDUINO_AVR_NANO -DF_CPU=16000000L -DARDUINO_ARCH_AVR -DARDUINO=10805 -I/home/antonio/.platformio/packages/framework-arduinoavr/libraries/__cores__/arduino/SoftwareSerial/src -I/home/antonio/.platformio/packages/framework-arduinoavr/cores/arduino -I/home/antonio/.platformio/packages/framework-arduinoavr/variants/eightanaloginputs /home/antonio/.platformio/packages/framework-arduinoavr/libraries/__cores__/arduino/SoftwareSerial/src/SoftwareSerial.cpp
avr-g++ -o .pio/build/nanoatmega328/libbb8/TMCStepper/source/CHOPCONF.cpp.o -c -fno-exceptions -fno-threadsafe-statics -fpermissive -std=gnu++11 -Os -Wall -ffunction-sections -fdata-sections -flto -mmcu=atmega328p -DPLATFORMIO=40100 -DARDUINO_AVR_NANO -DF_CPU=16000000L -DARDUINO_ARCH_AVR -DARDUINO=10805 -Ilib/TMCStepper/src -I/home/antonio/.platformio/packages/framework-arduinoavr/libraries/__cores__/arduino/SoftwareSerial/src -I/home/antonio/.platformio/packages/framework-arduinoavr/libraries/__cores__/arduino/SPI/src -I/home/antonio/.platformio/packages/framework-arduinoavr/cores/arduino -I/home/antonio/.platformio/packages/framework-arduinoavr/variants/eightanaloginputs lib/TMCStepper/src/source/CHOPCONF.cpp
avr-g++ -o .pio/build/nanoatmega328/libbb8/TMCStepper/source/COOLCONF.cpp.o -c -fno-exceptions -fno-threadsafe-statics -fpermissive -std=gnu++11 -Os -Wall -ffunction-sections -fdata-sections -flto -mmcu=atmega328p -DPLATFORMIO=40100 -DARDUINO_AVR_NANO -DF_CPU=16000000L -DARDUINO_ARCH_AVR -DARDUINO=10805 -Ilib/TMCStepper/src -I/home/antonio/.platformio/packages/framework-arduinoavr/libraries/__cores__/arduino/SoftwareSerial/src -I/home/antonio/.platformio/packages/framework-arduinoavr/libraries/__cores__/arduino/SPI/src -I/home/antonio/.platformio/packages/framework-arduinoavr/cores/arduino -I/home/antonio/.platformio/packages/framework-arduinoavr/variants/eightanaloginputs lib/TMCStepper/src/source/COOLCONF.cpp
avr-g++ -o .pio/build/nanoatmega328/libbb8/TMCStepper/source/DRVCONF.cpp.o -c -fno-exceptions -fno-threadsafe-statics -fpermissive -std=gnu++11 -Os -Wall -ffunction-sections -fdata-sections -flto -mmcu=atmega328p -DPLATFORMIO=40100 -DARDUINO_AVR_NANO -DF_CPU=16000000L -DARDUINO_ARCH_AVR -DARDUINO=10805 -Ilib/TMCStepper/src -I/home/antonio/.platformio/packages/framework-arduinoavr/libraries/__cores__/arduino/SoftwareSerial/src -I/home/antonio/.platformio/packages/framework-arduinoavr/libraries/__cores__/arduino/SPI/src -I/home/antonio/.platformio/packages/framework-arduinoavr/cores/arduino -I/home/antonio/.platformio/packages/framework-arduinoavr/variants/eightanaloginputs lib/TMCStepper/src/source/DRVCONF.cpp
avr-g++ -o .pio/build/nanoatmega328/libbb8/TMCStepper/source/DRVCTRL.cpp.o -c -fno-exceptions -fno-threadsafe-statics -fpermissive -std=gnu++11 -Os -Wall -ffunction-sections -fdata-sections -flto -mmcu=atmega328p -DPLATFORMIO=40100 -DARDUINO_AVR_NANO -DF_CPU=16000000L -DARDUINO_ARCH_AVR -DARDUINO=10805 -Ilib/TMCStepper/src -I/home/antonio/.platformio/packages/framework-arduinoavr/libraries/__cores__/arduino/SoftwareSerial/src -I/home/antonio/.platformio/packages/framework-arduinoavr/libraries/__cores__/arduino/SPI/src -I/home/antonio/.platformio/packages/framework-arduinoavr/cores/arduino -I/home/antonio/.platformio/packages/framework-arduinoavr/variants/eightanaloginputs lib/TMCStepper/src/source/DRVCTRL.cpp
avr-g++ -o .pio/build/nanoatmega328/libbb8/TMCStepper/source/DRVSTATUS.cpp.o -c -fno-exceptions -fno-threadsafe-statics -fpermissive -std=gnu++11 -Os -Wall -ffunction-sections -fdata-sections -flto -mmcu=atmega328p -DPLATFORMIO=40100 -DARDUINO_AVR_NANO -DF_CPU=16000000L -DARDUINO_ARCH_AVR -DARDUINO=10805 -Ilib/TMCStepper/src -I/home/antonio/.platformio/packages/framework-arduinoavr/libraries/__cores__/arduino/SoftwareSerial/src -I/home/antonio/.platformio/packages/framework-arduinoavr/libraries/__cores__/arduino/SPI/src -I/home/antonio/.platformio/packages/framework-arduinoavr/cores/arduino -I/home/antonio/.platformio/packages/framework-arduinoavr/variants/eightanaloginputs lib/TMCStepper/src/source/DRVSTATUS.cpp
avr-g++ -o .pio/build/nanoatmega328/libbb8/TMCStepper/source/DRV_CONF.cpp.o -c -fno-exceptions -fno-threadsafe-statics -fpermissive -std=gnu++11 -Os -Wall -ffunction-sections -fdata-sections -flto -mmcu=atmega328p -DPLATFORMIO=40100 -DARDUINO_AVR_NANO -DF_CPU=16000000L -DARDUINO_ARCH_AVR -DARDUINO=10805 -Ilib/TMCStepper/src -I/home/antonio/.platformio/packages/framework-arduinoavr/libraries/__cores__/arduino/SoftwareSerial/src -I/home/antonio/.platformio/packages/framework-arduinoavr/libraries/__cores__/arduino/SPI/src -I/home/antonio/.platformio/packages/framework-arduinoavr/cores/arduino -I/home/antonio/.platformio/packages/framework-arduinoavr/variants/eightanaloginputs lib/TMCStepper/src/source/DRV_CONF.cpp
avr-g++ -o .pio/build/nanoatmega328/libbb8/TMCStepper/source/DRV_STATUS.cpp.o -c -fno-exceptions -fno-threadsafe-statics -fpermissive -std=gnu++11 -Os -Wall -ffunction-sections -fdata-sections -flto -mmcu=atmega328p -DPLATFORMIO=40100 -DARDUINO_AVR_NANO -DF_CPU=16000000L -DARDUINO_ARCH_AVR -DARDUINO=10805 -Ilib/TMCStepper/src -I/home/antonio/.platformio/packages/framework-arduinoavr/libraries/__cores__/arduino/SoftwareSerial/src -I/home/antonio/.platformio/packages/framework-arduinoavr/libraries/__cores__/arduino/SPI/src -I/home/antonio/.platformio/packages/framework-arduinoavr/cores/arduino -I/home/antonio/.platformio/packages/framework-arduinoavr/variants/eightanaloginputs lib/TMCStepper/src/source/DRV_STATUS.cpp
avr-g++ -o .pio/build/nanoatmega328/libbb8/TMCStepper/source/ENCMODE.cpp.o -c -fno-exceptions -fno-threadsafe-statics -fpermissive -std=gnu++11 -Os -Wall -ffunction-sections -fdata-sections -flto -mmcu=atmega328p -DPLATFORMIO=40100 -DARDUINO_AVR_NANO -DF_CPU=16000000L -DARDUINO_ARCH_AVR -DARDUINO=10805 -Ilib/TMCStepper/src -I/home/antonio/.platformio/packages/framework-arduinoavr/libraries/__cores__/arduino/SoftwareSerial/src -I/home/antonio/.platformio/packages/framework-arduinoavr/libraries/__cores__/arduino/SPI/src -I/home/antonio/.platformio/packages/framework-arduinoavr/cores/arduino -I/home/antonio/.platformio/packages/framework-arduinoavr/variants/eightanaloginputs lib/TMCStepper/src/source/ENCMODE.cpp
avr-g++ -o .pio/build/nanoatmega328/libbb8/TMCStepper/source/GCONF.cpp.o -c -fno-exceptions -fno-threadsafe-statics -fpermissive -std=gnu++11 -Os -Wall -ffunction-sections -fdata-sections -flto -mmcu=atmega328p -DPLATFORMIO=40100 -DARDUINO_AVR_NANO -DF_CPU=16000000L -DARDUINO_ARCH_AVR -DARDUINO=10805 -Ilib/TMCStepper/src -I/home/antonio/.platformio/packages/framework-arduinoavr/libraries/__cores__/arduino/SoftwareSerial/src -I/home/antonio/.platformio/packages/framework-arduinoavr/libraries/__cores__/arduino/SPI/src -I/home/antonio/.platformio/packages/framework-arduinoavr/cores/arduino -I/home/antonio/.platformio/packages/framework-arduinoavr/variants/eightanaloginputs lib/TMCStepper/src/source/GCONF.cpp
avr-g++ -o .pio/build/nanoatmega328/libbb8/TMCStepper/source/IHOLD_IRUN.cpp.o -c -fno-exceptions -fno-threadsafe-statics -fpermissive -std=gnu++11 -Os -Wall -ffunction-sections -fdata-sections -flto -mmcu=atmega328p -DPLATFORMIO=40100 -DARDUINO_AVR_NANO -DF_CPU=16000000L -DARDUINO_ARCH_AVR -DARDUINO=10805 -Ilib/TMCStepper/src -I/home/antonio/.platformio/packages/framework-arduinoavr/libraries/__cores__/arduino/SoftwareSerial/src -I/home/antonio/.platformio/packages/framework-arduinoavr/libraries/__cores__/arduino/SPI/src -I/home/antonio/.platformio/packages/framework-arduinoavr/cores/arduino -I/home/antonio/.platformio/packages/framework-arduinoavr/variants/eightanaloginputs lib/TMCStepper/src/source/IHOLD_IRUN.cpp
avr-gcc-ar rc .pio/build/nanoatmega328/lib98b/libAccelStepper.a .pio/build/nanoatmega328/lib98b/AccelStepper/AccelStepper.cpp.o .pio/build/nanoatmega328/lib98b/AccelStepper/MultiStepper.cpp.o
avr-gcc-ar rc .pio/build/nanoatmega328/lib02b/libSoftwareSerial.a .pio/build/nanoatmega328/lib02b/SoftwareSerial/SoftwareSerial.cpp.o
avr-gcc-ar rc .pio/build/nanoatmega328/lib4de/libSPI.a .pio/build/nanoatmega328/lib4de/SPI/SPI.cpp.o
avr-gcc-ranlib .pio/build/nanoatmega328/lib98b/libAccelStepper.a
avr-gcc-ranlib .pio/build/nanoatmega328/lib02b/libSoftwareSerial.a
avr-g++ -o .pio/build/nanoatmega328/libbb8/TMCStepper/source/PWMCONF.cpp.o -c -fno-exceptions -fno-threadsafe-statics -fpermissive -std=gnu++11 -Os -Wall -ffunction-sections -fdata-sections -flto -mmcu=atmega328p -DPLATFORMIO=40100 -DARDUINO_AVR_NANO -DF_CPU=16000000L -DARDUINO_ARCH_AVR -DARDUINO=10805 -Ilib/TMCStepper/src -I/home/antonio/.platformio/packages/framework-arduinoavr/libraries/__cores__/arduino/SoftwareSerial/src -I/home/antonio/.platformio/packages/framework-arduinoavr/libraries/__cores__/arduino/SPI/src -I/home/antonio/.platformio/packages/framework-arduinoavr/cores/arduino -I/home/antonio/.platformio/packages/framework-arduinoavr/variants/eightanaloginputs lib/TMCStepper/src/source/PWMCONF.cpp
avr-gcc-ranlib .pio/build/nanoatmega328/lib4de/libSPI.a
avr-g++ -o .pio/build/nanoatmega328/libbb8/TMCStepper/source/RAMP_STAT.cpp.o -c -fno-exceptions -fno-threadsafe-statics -fpermissive -std=gnu++11 -Os -Wall -ffunction-sections -fdata-sections -flto -mmcu=atmega328p -DPLATFORMIO=40100 -DARDUINO_AVR_NANO -DF_CPU=16000000L -DARDUINO_ARCH_AVR -DARDUINO=10805 -Ilib/TMCStepper/src -I/home/antonio/.platformio/packages/framework-arduinoavr/libraries/__cores__/arduino/SoftwareSerial/src -I/home/antonio/.platformio/packages/framework-arduinoavr/libraries/__cores__/arduino/SPI/src -I/home/antonio/.platformio/packages/framework-arduinoavr/cores/arduino -I/home/antonio/.platformio/packages/framework-arduinoavr/variants/eightanaloginputs lib/TMCStepper/src/source/RAMP_STAT.cpp
avr-g++ -o .pio/build/nanoatmega328/libbb8/TMCStepper/source/SERIAL_SWITCH.cpp.o -c -fno-exceptions -fno-threadsafe-statics -fpermissive -std=gnu++11 -Os -Wall -ffunction-sections -fdata-sections -flto -mmcu=atmega328p -DPLATFORMIO=40100 -DARDUINO_AVR_NANO -DF_CPU=16000000L -DARDUINO_ARCH_AVR -DARDUINO=10805 -Ilib/TMCStepper/src -I/home/antonio/.platformio/packages/framework-arduinoavr/libraries/__cores__/arduino/SoftwareSerial/src -I/home/antonio/.platformio/packages/framework-arduinoavr/libraries/__cores__/arduino/SPI/src -I/home/antonio/.platformio/packages/framework-arduinoavr/cores/arduino -I/home/antonio/.platformio/packages/framework-arduinoavr/variants/eightanaloginputs lib/TMCStepper/src/source/SERIAL_SWITCH.cpp
avr-g++ -o .pio/build/nanoatmega328/libbb8/TMCStepper/source/SGCSCONF.cpp.o -c -fno-exceptions -fno-threadsafe-statics -fpermissive -std=gnu++11 -Os -Wall -ffunction-sections -fdata-sections -flto -mmcu=atmega328p -DPLATFORMIO=40100 -DARDUINO_AVR_NANO -DF_CPU=16000000L -DARDUINO_ARCH_AVR -DARDUINO=10805 -Ilib/TMCStepper/src -I/home/antonio/.platformio/packages/framework-arduinoavr/libraries/__cores__/arduino/SoftwareSerial/src -I/home/antonio/.platformio/packages/framework-arduinoavr/libraries/__cores__/arduino/SPI/src -I/home/antonio/.platformio/packages/framework-arduinoavr/cores/arduino -I/home/antonio/.platformio/packages/framework-arduinoavr/variants/eightanaloginputs lib/TMCStepper/src/source/SGCSCONF.cpp
avr-g++ -o .pio/build/nanoatmega328/libbb8/TMCStepper/source/SHORT_CONF.cpp.o -c -fno-exceptions -fno-threadsafe-statics -fpermissive -std=gnu++11 -Os -Wall -ffunction-sections -fdata-sections -flto -mmcu=atmega328p -DPLATFORMIO=40100 -DARDUINO_AVR_NANO -DF_CPU=16000000L -DARDUINO_ARCH_AVR -DARDUINO=10805 -Ilib/TMCStepper/src -I/home/antonio/.platformio/packages/framework-arduinoavr/libraries/__cores__/arduino/SoftwareSerial/src -I/home/antonio/.platformio/packages/framework-arduinoavr/libraries/__cores__/arduino/SPI/src -I/home/antonio/.platformio/packages/framework-arduinoavr/cores/arduino -I/home/antonio/.platformio/packages/framework-arduinoavr/variants/eightanaloginputs lib/TMCStepper/src/source/SHORT_CONF.cpp
avr-g++ -o .pio/build/nanoatmega328/libbb8/TMCStepper/source/SMARTEN.cpp.o -c -fno-exceptions -fno-threadsafe-statics -fpermissive -std=gnu++11 -Os -Wall -ffunction-sections -fdata-sections -flto -mmcu=atmega328p -DPLATFORMIO=40100 -DARDUINO_AVR_NANO -DF_CPU=16000000L -DARDUINO_ARCH_AVR -DARDUINO=10805 -Ilib/TMCStepper/src -I/home/antonio/.platformio/packages/framework-arduinoavr/libraries/__cores__/arduino/SoftwareSerial/src -I/home/antonio/.platformio/packages/framework-arduinoavr/libraries/__cores__/arduino/SPI/src -I/home/antonio/.platformio/packages/framework-arduinoavr/cores/arduino -I/home/antonio/.platformio/packages/framework-arduinoavr/variants/eightanaloginputs lib/TMCStepper/src/source/SMARTEN.cpp
avr-g++ -o .pio/build/nanoatmega328/libbb8/TMCStepper/source/SW_MODE.cpp.o -c -fno-exceptions -fno-threadsafe-statics -fpermissive -std=gnu++11 -Os -Wall -ffunction-sections -fdata-sections -flto -mmcu=atmega328p -DPLATFORMIO=40100 -DARDUINO_AVR_NANO -DF_CPU=16000000L -DARDUINO_ARCH_AVR -DARDUINO=10805 -Ilib/TMCStepper/src -I/home/antonio/.platformio/packages/framework-arduinoavr/libraries/__cores__/arduino/SoftwareSerial/src -I/home/antonio/.platformio/packages/framework-arduinoavr/libraries/__cores__/arduino/SPI/src -I/home/antonio/.platformio/packages/framework-arduinoavr/cores/arduino -I/home/antonio/.platformio/packages/framework-arduinoavr/variants/eightanaloginputs lib/TMCStepper/src/source/SW_MODE.cpp
avr-g++ -o .pio/build/nanoatmega328/libbb8/TMCStepper/source/SW_SPI.cpp.o -c -fno-exceptions -fno-threadsafe-statics -fpermissive -std=gnu++11 -Os -Wall -ffunction-sections -fdata-sections -flto -mmcu=atmega328p -DPLATFORMIO=40100 -DARDUINO_AVR_NANO -DF_CPU=16000000L -DARDUINO_ARCH_AVR -DARDUINO=10805 -Ilib/TMCStepper/src -I/home/antonio/.platformio/packages/framework-arduinoavr/libraries/__cores__/arduino/SoftwareSerial/src -I/home/antonio/.platformio/packages/framework-arduinoavr/libraries/__cores__/arduino/SPI/src -I/home/antonio/.platformio/packages/framework-arduinoavr/cores/arduino -I/home/antonio/.platformio/packages/framework-arduinoavr/variants/eightanaloginputs lib/TMCStepper/src/source/SW_SPI.cpp
avr-g++ -o .pio/build/nanoatmega328/libbb8/TMCStepper/source/TMC2130Stepper.cpp.o -c -fno-exceptions -fno-threadsafe-statics -fpermissive -std=gnu++11 -Os -Wall -ffunction-sections -fdata-sections -flto -mmcu=atmega328p -DPLATFORMIO=40100 -DARDUINO_AVR_NANO -DF_CPU=16000000L -DARDUINO_ARCH_AVR -DARDUINO=10805 -Ilib/TMCStepper/src -I/home/antonio/.platformio/packages/framework-arduinoavr/libraries/__cores__/arduino/SoftwareSerial/src -I/home/antonio/.platformio/packages/framework-arduinoavr/libraries/__cores__/arduino/SPI/src -I/home/antonio/.platformio/packages/framework-arduinoavr/cores/arduino -I/home/antonio/.platformio/packages/framework-arduinoavr/variants/eightanaloginputs lib/TMCStepper/src/source/TMC2130Stepper.cpp
avr-g++ -o .pio/build/nanoatmega328/libbb8/TMCStepper/source/TMC2160Stepper.cpp.o -c -fno-exceptions -fno-threadsafe-statics -fpermissive -std=gnu++11 -Os -Wall -ffunction-sections -fdata-sections -flto -mmcu=atmega328p -DPLATFORMIO=40100 -DARDUINO_AVR_NANO -DF_CPU=16000000L -DARDUINO_ARCH_AVR -DARDUINO=10805 -Ilib/TMCStepper/src -I/home/antonio/.platformio/packages/framework-arduinoavr/libraries/__cores__/arduino/SoftwareSerial/src -I/home/antonio/.platformio/packages/framework-arduinoavr/libraries/__cores__/arduino/SPI/src -I/home/antonio/.platformio/packages/framework-arduinoavr/cores/arduino -I/home/antonio/.platformio/packages/framework-arduinoavr/variants/eightanaloginputs lib/TMCStepper/src/source/TMC2160Stepper.cpp
avr-g++ -o .pio/build/nanoatmega328/libbb8/TMCStepper/source/TMC2208Stepper.cpp.o -c -fno-exceptions -fno-threadsafe-statics -fpermissive -std=gnu++11 -Os -Wall -ffunction-sections -fdata-sections -flto -mmcu=atmega328p -DPLATFORMIO=40100 -DARDUINO_AVR_NANO -DF_CPU=16000000L -DARDUINO_ARCH_AVR -DARDUINO=10805 -Ilib/TMCStepper/src -I/home/antonio/.platformio/packages/framework-arduinoavr/libraries/__cores__/arduino/SoftwareSerial/src -I/home/antonio/.platformio/packages/framework-arduinoavr/libraries/__cores__/arduino/SPI/src -I/home/antonio/.platformio/packages/framework-arduinoavr/cores/arduino -I/home/antonio/.platformio/packages/framework-arduinoavr/variants/eightanaloginputs lib/TMCStepper/src/source/TMC2208Stepper.cpp
avr-g++ -o .pio/build/nanoatmega328/libbb8/TMCStepper/source/TMC2209Stepper.cpp.o -c -fno-exceptions -fno-threadsafe-statics -fpermissive -std=gnu++11 -Os -Wall -ffunction-sections -fdata-sections -flto -mmcu=atmega328p -DPLATFORMIO=40100 -DARDUINO_AVR_NANO -DF_CPU=16000000L -DARDUINO_ARCH_AVR -DARDUINO=10805 -Ilib/TMCStepper/src -I/home/antonio/.platformio/packages/framework-arduinoavr/libraries/__cores__/arduino/SoftwareSerial/src -I/home/antonio/.platformio/packages/framework-arduinoavr/libraries/__cores__/arduino/SPI/src -I/home/antonio/.platformio/packages/framework-arduinoavr/cores/arduino -I/home/antonio/.platformio/packages/framework-arduinoavr/variants/eightanaloginputs lib/TMCStepper/src/source/TMC2209Stepper.cpp
avr-g++ -o .pio/build/nanoatmega328/libbb8/TMCStepper/source/TMC2660Stepper.cpp.o -c -fno-exceptions -fno-threadsafe-statics -fpermissive -std=gnu++11 -Os -Wall -ffunction-sections -fdata-sections -flto -mmcu=atmega328p -DPLATFORMIO=40100 -DARDUINO_AVR_NANO -DF_CPU=16000000L -DARDUINO_ARCH_AVR -DARDUINO=10805 -Ilib/TMCStepper/src -I/home/antonio/.platformio/packages/framework-arduinoavr/libraries/__cores__/arduino/SoftwareSerial/src -I/home/antonio/.platformio/packages/framework-arduinoavr/libraries/__cores__/arduino/SPI/src -I/home/antonio/.platformio/packages/framework-arduinoavr/cores/arduino -I/home/antonio/.platformio/packages/framework-arduinoavr/variants/eightanaloginputs lib/TMCStepper/src/source/TMC2660Stepper.cpp
avr-g++ -o .pio/build/nanoatmega328/libbb8/TMCStepper/source/TMC5130Stepper.cpp.o -c -fno-exceptions -fno-threadsafe-statics -fpermissive -std=gnu++11 -Os -Wall -ffunction-sections -fdata-sections -flto -mmcu=atmega328p -DPLATFORMIO=40100 -DARDUINO_AVR_NANO -DF_CPU=16000000L -DARDUINO_ARCH_AVR -DARDUINO=10805 -Ilib/TMCStepper/src -I/home/antonio/.platformio/packages/framework-arduinoavr/libraries/__cores__/arduino/SoftwareSerial/src -I/home/antonio/.platformio/packages/framework-arduinoavr/libraries/__cores__/arduino/SPI/src -I/home/antonio/.platformio/packages/framework-arduinoavr/cores/arduino -I/home/antonio/.platformio/packages/framework-arduinoavr/variants/eightanaloginputs lib/TMCStepper/src/source/TMC5130Stepper.cpp
avr-g++ -o .pio/build/nanoatmega328/libbb8/TMCStepper/source/TMC5160Stepper.cpp.o -c -fno-exceptions -fno-threadsafe-statics -fpermissive -std=gnu++11 -Os -Wall -ffunction-sections -fdata-sections -flto -mmcu=atmega328p -DPLATFORMIO=40100 -DARDUINO_AVR_NANO -DF_CPU=16000000L -DARDUINO_ARCH_AVR -DARDUINO=10805 -Ilib/TMCStepper/src -I/home/antonio/.platformio/packages/framework-arduinoavr/libraries/__cores__/arduino/SoftwareSerial/src -I/home/antonio/.platformio/packages/framework-arduinoavr/libraries/__cores__/arduino/SPI/src -I/home/antonio/.platformio/packages/framework-arduinoavr/cores/arduino -I/home/antonio/.platformio/packages/framework-arduinoavr/variants/eightanaloginputs lib/TMCStepper/src/source/TMC5160Stepper.cpp
avr-g++ -o .pio/build/nanoatmega328/libbb8/TMCStepper/source/TMCStepper.cpp.o -c -fno-exceptions -fno-threadsafe-statics -fpermissive -std=gnu++11 -Os -Wall -ffunction-sections -fdata-sections -flto -mmcu=atmega328p -DPLATFORMIO=40100 -DARDUINO_AVR_NANO -DF_CPU=16000000L -DARDUINO_ARCH_AVR -DARDUINO=10805 -Ilib/TMCStepper/src -I/home/antonio/.platformio/packages/framework-arduinoavr/libraries/__cores__/arduino/SoftwareSerial/src -I/home/antonio/.platformio/packages/framework-arduinoavr/libraries/__cores__/arduino/SPI/src -I/home/antonio/.platformio/packages/framework-arduinoavr/cores/arduino -I/home/antonio/.platformio/packages/framework-arduinoavr/variants/eightanaloginputs lib/TMCStepper/src/source/TMCStepper.cpp
avr-g++ -o .pio/build/nanoatmega328/libac5/TimerOne/TimerOne.cpp.o -c -fno-exceptions -fno-threadsafe-statics -fpermissive -std=gnu++11 -Os -Wall -ffunction-sections -fdata-sections -flto -mmcu=atmega328p -DPLATFORMIO=40100 -DARDUINO_AVR_NANO -DF_CPU=16000000L -DARDUINO_ARCH_AVR -DARDUINO=10805 -Ilib/TimerOne -I/home/antonio/.platformio/packages/framework-arduinoavr/cores/arduino -I/home/antonio/.platformio/packages/framework-arduinoavr/variants/eightanaloginputs lib/TimerOne/TimerOne.cpp
avr-gcc-ar rc .pio/build/nanoatmega328/libFrameworkArduinoVariant.a
avr-g++ -o .pio/build/nanoatmega328/FrameworkArduino/CDC.cpp.o -c -fno-exceptions -fno-threadsafe-statics -fpermissive -std=gnu++11 -Os -Wall -ffunction-sections -fdata-sections -flto -mmcu=atmega328p -DPLATFORMIO=40100 -DARDUINO_AVR_NANO -DF_CPU=16000000L -DARDUINO_ARCH_AVR -DARDUINO=10805 -I/home/antonio/.platformio/packages/framework-arduinoavr/cores/arduino -I/home/antonio/.platformio/packages/framework-arduinoavr/variants/eightanaloginputs /home/antonio/.platformio/packages/framework-arduinoavr/cores/arduino/CDC.cpp
avr-g++ -o .pio/build/nanoatmega328/FrameworkArduino/HardwareSerial.cpp.o -c -fno-exceptions -fno-threadsafe-statics -fpermissive -std=gnu++11 -Os -Wall -ffunction-sections -fdata-sections -flto -mmcu=atmega328p -DPLATFORMIO=40100 -DARDUINO_AVR_NANO -DF_CPU=16000000L -DARDUINO_ARCH_AVR -DARDUINO=10805 -I/home/antonio/.platformio/packages/framework-arduinoavr/cores/arduino -I/home/antonio/.platformio/packages/framework-arduinoavr/variants/eightanaloginputs /home/antonio/.platformio/packages/framework-arduinoavr/cores/arduino/HardwareSerial.cpp
avr-gcc-ranlib .pio/build/nanoatmega328/libFrameworkArduinoVariant.a
avr-g++ -o .pio/build/nanoatmega328/FrameworkArduino/HardwareSerial0.cpp.o -c -fno-exceptions -fno-threadsafe-statics -fpermissive -std=gnu++11 -Os -Wall -ffunction-sections -fdata-sections -flto -mmcu=atmega328p -DPLATFORMIO=40100 -DARDUINO_AVR_NANO -DF_CPU=16000000L -DARDUINO_ARCH_AVR -DARDUINO=10805 -I/home/antonio/.platformio/packages/framework-arduinoavr/cores/arduino -I/home/antonio/.platformio/packages/framework-arduinoavr/variants/eightanaloginputs /home/antonio/.platformio/packages/framework-arduinoavr/cores/arduino/HardwareSerial0.cpp
avr-g++ -o .pio/build/nanoatmega328/FrameworkArduino/HardwareSerial1.cpp.o -c -fno-exceptions -fno-threadsafe-statics -fpermissive -std=gnu++11 -Os -Wall -ffunction-sections -fdata-sections -flto -mmcu=atmega328p -DPLATFORMIO=40100 -DARDUINO_AVR_NANO -DF_CPU=16000000L -DARDUINO_ARCH_AVR -DARDUINO=10805 -I/home/antonio/.platformio/packages/framework-arduinoavr/cores/arduino -I/home/antonio/.platformio/packages/framework-arduinoavr/variants/eightanaloginputs /home/antonio/.platformio/packages/framework-arduinoavr/cores/arduino/HardwareSerial1.cpp
avr-g++ -o .pio/build/nanoatmega328/FrameworkArduino/HardwareSerial2.cpp.o -c -fno-exceptions -fno-threadsafe-statics -fpermissive -std=gnu++11 -Os -Wall -ffunction-sections -fdata-sections -flto -mmcu=atmega328p -DPLATFORMIO=40100 -DARDUINO_AVR_NANO -DF_CPU=16000000L -DARDUINO_ARCH_AVR -DARDUINO=10805 -I/home/antonio/.platformio/packages/framework-arduinoavr/cores/arduino -I/home/antonio/.platformio/packages/framework-arduinoavr/variants/eightanaloginputs /home/antonio/.platformio/packages/framework-arduinoavr/cores/arduino/HardwareSerial2.cpp
/home/antonio/.platformio/packages/framework-arduinoavr/cores/arduino/HardwareSerial0.cpp: In function 'void __vector_18()':
/home/antonio/.platformio/packages/framework-arduinoavr/cores/arduino/HardwareSerial0.cpp:49:5: error: 'Serial' was not declared in this scope
     Serial._rx_complete_irq();
     ^
/home/antonio/.platformio/packages/framework-arduinoavr/cores/arduino/HardwareSerial0.cpp: In function 'void __vector_19()':
/home/antonio/.platformio/packages/framework-arduinoavr/cores/arduino/HardwareSerial0.cpp:64:3: error: 'Serial' was not declared in this scope
   Serial._tx_udr_empty_irq();
   ^
avr-g++ -o .pio/build/nanoatmega328/FrameworkArduino/HardwareSerial3.cpp.o -c -fno-exceptions -fno-threadsafe-statics -fpermissive -std=gnu++11 -Os -Wall -ffunction-sections -fdata-sections -flto -mmcu=atmega328p -DPLATFORMIO=40100 -DARDUINO_AVR_NANO -DF_CPU=16000000L -DARDUINO_ARCH_AVR -DARDUINO=10805 -I/home/antonio/.platformio/packages/framework-arduinoavr/cores/arduino -I/home/antonio/.platformio/packages/framework-arduinoavr/variants/eightanaloginputs /home/antonio/.platformio/packages/framework-arduinoavr/cores/arduino/HardwareSerial3.cpp
avr-g++ -o .pio/build/nanoatmega328/FrameworkArduino/IPAddress.cpp.o -c -fno-exceptions -fno-threadsafe-statics -fpermissive -std=gnu++11 -Os -Wall -ffunction-sections -fdata-sections -flto -mmcu=atmega328p -DPLATFORMIO=40100 -DARDUINO_AVR_NANO -DF_CPU=16000000L -DARDUINO_ARCH_AVR -DARDUINO=10805 -I/home/antonio/.platformio/packages/framework-arduinoavr/cores/arduino -I/home/antonio/.platformio/packages/framework-arduinoavr/variants/eightanaloginputs /home/antonio/.platformio/packages/framework-arduinoavr/cores/arduino/IPAddress.cpp
*** [.pio/build/nanoatmega328/FrameworkArduino/HardwareSerial0.cpp.o] Error 1
========================== [FAILED] Took 1.14 seconds ==========================
